2020-10-16 14:55:55,030 INFO     BEGIN
2020-10-16 14:55:55,030 INFO     struct {
    name: 'reflex-test'
    recipes: 'resources/craft/recipes.yaml'
    world:
        name: 'CraftWorld'
    model:
        name: 'ModularACModel'
        use_args: False
        featurize_plan: True
        max_subtask_timesteps: 15
        baseline: 'state'
    trainer:
        name: 'Reflex'
        use_curriculum: True
        improvement_threshold: 0.8
        hints: 'resources/craft/hints.yaml'
        max_timesteps: 100
    experiment_dir: 'experiments/reflex-test'
}
2020-10-16 14:55:55,047 ERROR    Uncaught exception: No such trainer: Reflex
NoneType: None
2020-10-16 14:55:55,048 ERROR    Traceback (most recent call last):

  File "/Users/ruoxili/Documents/NRL/psketch/trainers/__init__.py", line 6, in load
    cls = globals()[cls_name]

KeyError: 'Reflex'


During handling of the above exception, another exception occurred:


Traceback (most recent call last):

  File "main.py", line 50, in <module>
    main()

  File "main.py", line 21, in main
    trainer = trainers.load(config)

  File "/Users/ruoxili/Documents/NRL/psketch/trainers/__init__.py", line 9, in load
    raise Exception("No such trainer: {}".format(cls_name))

Exception: No such trainer: Reflex
NoneType: None
